httpd.c:524:1:http_write	24	static
httpd.c:1166:1:http_send_data_nonssi	24	static
httpd.c:467:1:http_state_eof	8	static
httpd.c:505:1:http_state_free	8	static
httpd.c:587:1:http_close_or_abort_conn	16	static
httpd.c:637:1:http_close_conn	8	static
httpd.c:646:1:http_eof	8	static
httpd.c:1067:1:http_check_eof	16	static
httpd.c:1517:1:http_send	16	static
httpd.c:2361:1:http_sent	8	static
httpd.c:2344:1:http_err	8	static
httpd.c:2388:1:http_poll	8	static
httpd.c:2233:1:http_init_file	16	static
httpd.c:1632:1:http_get_404_file	16	static
httpd.c:2087:1:http_find_file	56	static
httpd.c:1904:1:http_parse_request	32	static
httpd.c:2436:1:http_recv	24	static
httpd.c:435:1:http_state_init	8	static
httpd.c:447:1:http_state_alloc	8	static
httpd.c:2521:1:http_accept	8	static
httpd.c:2562:1:httpd_init	8	static
